// Jest Snapshot v1, https://goo.gl/fbAQLP

exports[`NaigationMenu Component should match snapshot 1`] = `
Array [
  <header
    className="MuiPaper-root MuiAppBar-root MuiAppBar-positionFixed MuiAppBar-colorPrimary makeStyles-appBar-2 mui-fixed MuiPaper-elevation4"
  >
    <div
      className="MuiToolbar-root MuiToolbar-regular MuiToolbar-gutters"
    >
      <div
        className="MuiGrid-root MuiGrid-container MuiGrid-align-items-xs-center MuiGrid-justify-xs-space-between"
      >
        <div
          className="MuiGrid-root MuiGrid-item"
        >
          <button
            aria-label="menu"
            className="MuiButtonBase-root MuiIconButton-root makeStyles-menuButton-4 MuiIconButton-colorInherit MuiIconButton-edgeStart"
            disabled={false}
            onBlur={[Function]}
            onClick={[Function]}
            onDragLeave={[Function]}
            onFocus={[Function]}
            onKeyDown={[Function]}
            onKeyUp={[Function]}
            onMouseDown={[Function]}
            onMouseLeave={[Function]}
            onMouseUp={[Function]}
            onTouchEnd={[Function]}
            onTouchMove={[Function]}
            onTouchStart={[Function]}
            tabIndex={0}
            type="button"
          >
            <span
              className="MuiIconButton-label"
            >
              <svg
                aria-hidden={true}
                className="MuiSvgIcon-root"
                focusable="false"
                viewBox="0 0 24 24"
              >
                <path
                  d="M3 18h18v-2H3v2zm0-5h18v-2H3v2zm0-7v2h18V6H3z"
                />
              </svg>
            </span>
          </button>
        </div>
        <div
          className="MuiGrid-root MuiGrid-item"
        >
          <h6
            className="MuiTypography-root MuiTypography-h6 MuiTypography-colorInherit"
          >
            Detonation Database
          </h6>
        </div>
      </div>
    </div>
  </header>,
  <div
    className="MuiDrawer-root MuiDrawer-docked makeStyles-drawer-6"
  >
    <div
      className="MuiPaper-root MuiDrawer-paper makeStyles-drawerPaper-7 MuiDrawer-paperAnchorLeft MuiDrawer-paperAnchorDockedLeft MuiPaper-elevation0"
      style={
        Object {
          "visibility": "hidden",
        }
      }
    >
      <div
        className="makeStyles-drawerHeader-8"
      >
        <button
          className="MuiButtonBase-root MuiIconButton-root"
          disabled={false}
          onBlur={[Function]}
          onClick={[Function]}
          onDragLeave={[Function]}
          onFocus={[Function]}
          onKeyDown={[Function]}
          onKeyUp={[Function]}
          onMouseDown={[Function]}
          onMouseLeave={[Function]}
          onMouseUp={[Function]}
          onTouchEnd={[Function]}
          onTouchMove={[Function]}
          onTouchStart={[Function]}
          tabIndex={0}
          type="button"
        >
          <span
            className="MuiIconButton-label"
          >
            <svg
              aria-hidden={true}
              className="MuiSvgIcon-root"
              focusable="false"
              viewBox="0 0 24 24"
            >
              <path
                d="M15.41 7.41L14 6l-6 6 6 6 1.41-1.41L10.83 12z"
              />
            </svg>
          </span>
        </button>
      </div>
      <hr
        className="MuiDivider-root"
      />
      <ul
        className="MuiList-root MuiList-padding"
      >
        <div
          aria-disabled={false}
          className="MuiButtonBase-root MuiListItem-root MuiListItem-gutters MuiListItem-button"
          onBlur={[Function]}
          onDragLeave={[Function]}
          onFocus={[Function]}
          onKeyDown={[Function]}
          onKeyUp={[Function]}
          onMouseDown={[Function]}
          onMouseLeave={[Function]}
          onMouseUp={[Function]}
          onTouchEnd={[Function]}
          onTouchMove={[Function]}
          onTouchStart={[Function]}
          role="button"
          tabIndex={0}
        >
          <div
            className="MuiListItemIcon-root"
          >
            <svg
              aria-hidden={true}
              className="MuiSvgIcon-root"
              focusable="false"
              viewBox="0 0 24 24"
            >
              <path
                d="M10 20v-6h4v6h5v-8h3L12 3 2 12h3v8z"
              />
            </svg>
          </div>
          <a
            aria-current="page"
            className="active"
            href="#/"
            onClick={[Function]}
            style={Object {}}
          >
            Home
          </a>
        </div>
        <div
          aria-disabled={false}
          className="MuiButtonBase-root MuiListItem-root MuiListItem-gutters MuiListItem-button"
          onBlur={[Function]}
          onDragLeave={[Function]}
          onFocus={[Function]}
          onKeyDown={[Function]}
          onKeyUp={[Function]}
          onMouseDown={[Function]}
          onMouseLeave={[Function]}
          onMouseUp={[Function]}
          onTouchEnd={[Function]}
          onTouchMove={[Function]}
          onTouchStart={[Function]}
          role="button"
          tabIndex={0}
        >
          <div
            className="MuiListItemIcon-root"
          >
            <svg
              aria-hidden={true}
              className="MuiSvgIcon-root"
              focusable="false"
              viewBox="0 0 24 24"
            >
              <path
                d="M5 9.2h3V19H5zM10.6 5h2.8v14h-2.8zm5.6 8H19v6h-2.8z"
              />
            </svg>
          </div>
          <a
            aria-current={null}
            href="#/graph"
            onClick={[Function]}
          >
            Graph
          </a>
        </div>
        <div
          aria-disabled={false}
          className="MuiButtonBase-root MuiListItem-root MuiListItem-gutters MuiListItem-button"
          onBlur={[Function]}
          onDragLeave={[Function]}
          onFocus={[Function]}
          onKeyDown={[Function]}
          onKeyUp={[Function]}
          onMouseDown={[Function]}
          onMouseLeave={[Function]}
          onMouseUp={[Function]}
          onTouchEnd={[Function]}
          onTouchMove={[Function]}
          onTouchStart={[Function]}
          role="button"
          tabIndex={0}
        >
          <div
            className="MuiListItemIcon-root"
          >
            <svg
              aria-hidden={true}
              className="MuiSvgIcon-root"
              focusable="false"
              viewBox="0 0 24 24"
            >
              <path
                d="M15.5 14h-.79l-.28-.27C15.41 12.59 16 11.11 16 9.5 16 5.91 13.09 3 9.5 3S3 5.91 3 9.5 5.91 16 9.5 16c1.61 0 3.09-.59 4.23-1.57l.27.28v.79l5 4.99L20.49 19l-4.99-5zm-6 0C7.01 14 5 11.99 5 9.5S7.01 5 9.5 5 14 7.01 14 9.5 11.99 14 9.5 14z"
              />
            </svg>
          </div>
          <a
            aria-current={null}
            href="#/search"
            onClick={[Function]}
          >
            Search
          </a>
        </div>
        <div
          aria-disabled={false}
          className="MuiButtonBase-root MuiListItem-root MuiListItem-gutters MuiListItem-button"
          onBlur={[Function]}
          onDragLeave={[Function]}
          onFocus={[Function]}
          onKeyDown={[Function]}
          onKeyUp={[Function]}
          onMouseDown={[Function]}
          onMouseLeave={[Function]}
          onMouseUp={[Function]}
          onTouchEnd={[Function]}
          onTouchMove={[Function]}
          onTouchStart={[Function]}
          role="button"
          tabIndex={0}
        >
          <div
            className="MuiListItemIcon-root"
          >
            <svg
              aria-hidden={true}
              className="MuiSvgIcon-root"
              focusable="false"
              viewBox="0 0 24 24"
            >
              <path
                d="M19.35 10.04C18.67 6.59 15.64 4 12 4 9.11 4 6.6 5.64 5.35 8.04 2.34 8.36 0 10.91 0 14c0 3.31 2.69 6 6 6h13c2.76 0 5-2.24 5-5 0-2.64-2.05-4.78-4.65-4.96zM14 13v4h-4v-4H7l5-5 5 5h-3z"
              />
            </svg>
          </div>
          <a
            aria-current={null}
            href="#/uploadFile"
            onClick={[Function]}
          >
            File Upload
          </a>
        </div>
      </ul>
    </div>
  </div>,
  <div
    className="MuiBox-root MuiBox-root-11"
  >
    <div
      className="Splash"
    >
      <img
        src="splashimage.png"
        width="100%"
      />
    </div>
    <div
      className="MuiBox-root MuiBox-root-12"
    >
      <div
        className="MuiBox-root MuiBox-root-13"
      >
        <h1
          className="Header"
        >
          Graphs
        </h1>
        <p
          className="Paragraph"
        >
          Interactive Gaphs! Add/Delete data sets, change axis, zoom in and out, enjoy seeing the database in a whole new way!
        </p>
      </div>
      <div
        className="MuiBox-root MuiBox-root-14"
      >
        <h1
          className="Header"
        >
          Downloads
        </h1>
        <p
          className="Paragraph"
        >
          Downloads have never been so easy. Select the datasets you want, choose the format you need, preview for perfection and DOWNLOAD WITH A CLICK.
        </p>
      </div>
      <div
        className="MuiBox-root MuiBox-root-15"
      >
        <h1
          className="Header2"
        >
          Personalized Accounts
        </h1>
        <p
          className="Paragraph"
        >
          Get ready to have your own account, upload your own data set, save your preferences and collaborate with others on theirs.
        </p>
      </div>
      <div
        className="MuiBox-root MuiBox-root-16"
      >
        <h1
          className="Header2"
        >
          Search and Discover
        </h1>
        <p
          className="Paragraph"
        >
          Need to find a dataset? Search with filters, by gas, DOI, author, category, fuel, oxidizer, dilutent, temperature, and more!
        </p>
      </div>
      <div
        className="MuiBox-root MuiBox-root-17"
      >
        <h1
          className="Header"
        >
          Data Cell Analysis
        </h1>
        <p
          className="Paragraph"
        >
          Welcome to the future! Bringing computer vision to data cells, upload an image of your experimental data cells and let magic do the rest! Data cell size in a minute!
        </p>
      </div>
    </div>
    <p>
      
    </p>
  </div>,
]
`;
